2026-05-30 23:43:22,197 - __main__ - INFO - ================================================================================
2026-05-30 23:43:22,199 - __main__ - INFO - ================================================================================
2026-05-30 23:43:22,203 - __main__ - INFO - 
================================================================================
2026-05-30 23:43:22,204 - __main__ - INFO - ================================================================================
2026-05-30 23:43:22,205 - __main__ - INFO -   → 50개 코인 파라미터 초기화
2026-05-30 23:43:22,210 - __main__ - INFO -   → 회귀분석으로 초기 파라미터 최적화
2026-05-30 23:43:22,213 - __main__ - INFO -   → 유전알고리즘으로 파라미터 진화 (30세대)
2026-05-30 23:43:22,216 - __main__ - INFO -   → 강화학습 Q-Table 초기화 및 사전학습
2026-05-30 23:43:22,218 - __main__ - INFO -   → 통합 시뮬레이터 초기화
2026-05-30 23:43:22,221 - __main__ - INFO - 
================================================================================
2026-05-30 23:43:22,223 - __main__ - INFO - ================================================================================
2026-05-30 23:43:22,223 - __main__ - INFO - 
================================================================================
2026-05-30 23:43:22,225 - __main__ - INFO - ================================================================================
2026-05-31 00:00:22,388 - __main__ - INFO - 
================================================================================
2026-05-31 00:00:22,390 - __main__ - INFO - ================================================================================
2026-05-31 00:00:22,392 - __main__ - INFO - ================================================================================
2026-05-31 00:00:22,393 - __main__ - INFO - ================================================================================
